// Jest Snapshot v1, https://goo.gl/fbAQLP

exports[`test the reducer should test for app mode 1`] = `
Object {
  "dark_mode": undefined,
}
`;

exports[`test the reducer should test for default state 1`] = `Object {}`;

exports[`test the reducer should test for templateReducer 1`] = `Object {}`;
